// Jest Snapshot v1, https://goo.gl/fbAQLP

exports[`ShoppingMall should renders ShoppingMall 1`] = `
<div>
  <div class="search-bar">
    <div class="van-row">
      <div class="van-col van-col--3"><img src="[object Object]" alt="" width="70%" class="location-icon"></div>
      <div class="van-col van-col--16"><input type="text" data-test="search-input" class="search-input"></div>
      <div class="van-col van-col--5"><button data-search="Search" class="van-button van-button--default van-button--mini">
          <div class="van-button__content"><span class="van-button__text">Search</span></div>
        </button></div>
    </div>
  </div>
  <div class="swiper-area">
    <div class="van-swipe">
      <div class="van-swipe__track" style="transition-duration: 500ms; transform: translateX(0px);"></div>
    </div>
  </div>
  <div class="type-bar"></div>
  <div class="ad-banner"><img width="100%" data-src="undefined" src="data:image/gif;base64,R0lGODlhAQABAIAAAAAAAP///yH5BAEAAAAALAAAAAABAAEAAAIBRAA7" lazy="loading"></div>
  <div class="recommend-area">
    <div class="recommend-title">
      Recommend
    </div>
    <div class="recommend-body">
      <div class="swiper-container swiper-container-initialized swiper-container-horizontal">
        <div class="swiper-wrapper" style="webkit-transition-duration: 0ms; transition-duration: 0ms; webkit-transform: translate3d(NaNpx, 0px, 0px); transform: translate3d(NaNpx, 0px, 0px);"></div> <span class="swiper-notification" aria-live="assertive" aria-atomic="true"></span>
      </div>
    </div>
  </div>
  <div>
    <div class="floor">
      <div class="floor-title"></div>
      <div class="floor-anomaly">
        <div class="van-row">
          <div class="floor-one van-col van-col--12"><img alt=""></div>
          <div class="floor-two van-col van-col--12">
            <div>
              <div><img></div>
              <div><img></div>
            </div>
          </div>
        </div>
      </div>
      <div class="floor-rule"></div>
    </div>
  </div>
  <div>
    <div class="floor">
      <div class="floor-title"></div>
      <div class="floor-anomaly">
        <div class="van-row">
          <div class="floor-one van-col van-col--12"><img alt=""></div>
          <div class="floor-two van-col van-col--12">
            <div>
              <div><img></div>
              <div><img></div>
            </div>
          </div>
        </div>
      </div>
      <div class="floor-rule"></div>
    </div>
  </div>
  <div>
    <div class="floor">
      <div class="floor-title"></div>
      <div class="floor-anomaly">
        <div class="van-row">
          <div class="floor-one van-col van-col--12"><img alt=""></div>
          <div class="floor-two van-col van-col--12">
            <div>
              <div><img></div>
              <div><img></div>
            </div>
          </div>
        </div>
      </div>
      <div class="floor-rule"></div>
    </div>
  </div>
  <div class="hot-area">
    <div class="hot-title">HOT</div>
    <div class="hot-goods">
      <div role="feed" class="van-list">
        <div class="van-row">
          <div class="hotgoodsitem van-col van-col--12" style="padding-right: 10px;">
            <div class="goods-info">
              <div class="goods-image"><img width="90%" data-src="undefined" src="data:image/gif;base64,R0lGODlhAQABAIAAAAAAAP///yH5BAEAAAAALAAAAAABAAEAAAIBRAA7" lazy="loading"></div>
              <div class="goods-name"></div>
              <div class="goods-price">0.00 €</div>
            </div>
          </div>
          <div class="hotgoodsitem van-col van-col--12" style="padding-left: 10px;">
            <div class="goods-info">
              <div class="goods-image"><img width="90%" data-src="undefined" src="data:image/gif;base64,R0lGODlhAQABAIAAAAAAAP///yH5BAEAAAAALAAAAAABAAEAAAIBRAA7" lazy="loading"></div>
              <div class="goods-name"></div>
              <div class="goods-price">0.00 €</div>
            </div>
          </div>
        </div>
        <div class="van-list__placeholder"></div>
      </div>
    </div>
  </div>
</div>
`;
